C51 COMPILER V9.60.7.0   POWER_CRL                                                         06/27/2025 11:26:42 PAGE 1   


C51 COMPILER V9.60.7.0, COMPILATION OF MODULE POWER_CRL
OBJECT MODULE PLACED IN ..\Output\power_crl.obj
COMPILER INVOKED BY: D:\APP\Keil_v5\C51\BIN\C51.EXE ..\BSP\Src\power_crl.c LARGE OPTIMIZE(8,SPEED) BROWSE INCDIR(..\BSP\
                    -Inc;..\Core\Inc;..\Driver;..\Emembed\Inc;..\SYSTEM\Inc) DEBUG OBJECTEXTEND PRINT(.\Listings\power_crl.lst) OBJECT(..\Out
                    -put\power_crl.obj)

line level    source

   1          #include "power_crl.h"
   2          
   3          DC_CTRL dc_ctrl;
   4          
   5          
   6          /**
   7           * @brief       24V PWM风扇档位控制函数
   8           *
   9           * @param   level :风扇档位 0~6档
  10           *
  11           * @return  void
  12          **/
  13          void pwm_ctrl( uint8_t device, uint8_t level )
  14          {
  15   1          if( device  == CIR_CTRL )
  16   1          {
  17   2              PWMB_CCR7= 1104 - level * 184;
  18   2          }
  19   1          if( device == STIR_CTRL )
  20   1          {
  21   2              PWMB_CCR8= 1104 - level * 184;
  22   2          }
  23   1      }
  24          
  25          void output_statu_init( void )
  26          {
  27   1          DC24_1 = DC24_2 = DC24_3 = 0;
  28   1          DC_PWM1 = DC_PWM2 = 1;
  29   1          dc_ctrl.cir_level = 0;
  30   1          dc_ctrl.stir_level = 0;
  31   1      }
  32          /**
  33           * @brief 温度扫描，DHT11温湿度扫描 1s/次 控制220V输出使能
  34           *
  35           * @param[in] 
  36           * 
  37           * @return  
  38           * 
  39          **/
  40          void temp_scan( void )
  41          {
  42   1          if( temp.temp_scan_flag == 1)
  43   1          {
  44   2              temp.temp_value1 =  get_temp(NTC);
  45   2      
  46   2              Read_DHT11();
  47   2      
  48   2              board_ctrl();
  49   2              
  50   2              temp.temp_scan_flag = 0;
  51   2          }
  52   1      }
  53          
C51 COMPILER V9.60.7.0   POWER_CRL                                                         06/27/2025 11:26:42 PAGE 2   

  54          void board_ctrl()
  55          {
  56   1          if( dc_ctrl.board_out_allow == 1 )
  57   1          {
  58   2              if( temp.temp_value1 < dc_ctrl.board_alarm_temp )  
  59   2              {
  60   3                  DC24_1 = 1;   
  61   3              }else
  62   2              {
  63   3                  DC24_1 = 0;
  64   3              }
  65   2          }else
  66   1          {
  67   2              DC24_1 = 0;
  68   2          }
  69   1      }
  70          
  71          void inksac_ctrl( uint8_t on_off )
  72          {
  73   1          if( on_off == 1 )
  74   1          {
  75   2              DC24_2 = 1;
  76   2          }else
  77   1          {
  78   2              DC24_2 = 0;
  79   2          }
  80   1      }


MODULE INFORMATION:   STATIC OVERLAYABLE
   CODE SIZE        =    139    ----
   CONSTANT SIZE    =   ----    ----
   XDATA SIZE       =     14    ----
   PDATA SIZE       =   ----    ----
   DATA SIZE        =   ----    ----
   IDATA SIZE       =   ----    ----
   BIT SIZE         =   ----    ----
END OF MODULE INFORMATION.


C51 COMPILATION COMPLETE.  0 WARNING(S),  0 ERROR(S)
